# serializer version: 1
# name: test_serialize_buffer_json
  '{"_Buffer__frames_of_reference":["c","h","g","a","f","e","d","b"],"_Buffer__frame_names_to_node_indices":{"a":0,"b":1,"c":2,"d":3,"e":4,"f":5,"g":6,"h":7},"_Buffer__connections":{"check_cycle":false,"multigraph":false,"nodes":[[0,"a"],[1,"b"],[2,"c"],[3,"d"],[4,"e"],[5,"f"],[6,"g"],[7,"h"]],"edges":[[[0,1],{"rotation_and_translation":{"data":[[1.0,0.0,0.0,0.0],[0.0,1.0,0.0,0.0],[0.0,0.0,1.0,0.0],[0.0,0.0,0.0,1.0]],"dtype":"torch.float32"}}],[[1,0],{"rotation_and_translation":{"data":[[1.0,0.0,0.0,0.0],[0.0,1.0,0.0,0.0],[0.0,0.0,1.0,0.0],[0.0,0.0,0.0,1.0]],"dtype":"torch.float32"}}],[[0,2],{"rotation_and_translation":{"data":[[1.0,0.0,0.0,0.0],[0.0,1.0,0.0,0.0],[0.0,0.0,1.0,0.0],[0.0,0.0,0.0,1.0]],"dtype":"torch.float32"}}],[[2,0],{"rotation_and_translation":{"data":[[1.0,0.0,0.0,0.0],[0.0,1.0,0.0,0.0],[0.0,0.0,1.0,0.0],[0.0,0.0,0.0,1.0]],"dtype":"torch.float32"}}],[[1,3],{"rotation_and_translation":{"data":[[1.0,0.0,0.0,0.0],[0.0,1.0,0.0,0.0],[0.0,0.0,1.0,0.0],[0.0,0.0,0.0,1.0]],"dtype":"torch.float32"}}],[[3,1],{"rotation_and_translation":{"data":[[1.0,0.0,0.0,0.0],[0.0,1.0,0.0,0.0],[0.0,0.0,1.0,0.0],[0.0,0.0,0.0,1.0]],"dtype":"torch.float32"}}],[[3,4],{"rotation_and_translation":{"data":[[1.0,0.0,0.0,0.0],[0.0,1.0,0.0,0.0],[0.0,0.0,1.0,0.0],[0.0,0.0,0.0,1.0]],"dtype":"torch.float32"}}],[[4,3],{"rotation_and_translation":{"data":[[1.0,0.0,0.0,0.0],[0.0,1.0,0.0,0.0],[0.0,0.0,1.0,0.0],[0.0,0.0,0.0,1.0]],"dtype":"torch.float32"}}],[[3,5],{"rotation_and_translation":{"data":[[1.0,0.0,0.0,0.0],[0.0,1.0,0.0,0.0],[0.0,0.0,1.0,0.0],[0.0,0.0,0.0,1.0]],"dtype":"torch.float32"}}],[[5,3],{"rotation_and_translation":{"data":[[1.0,0.0,0.0,0.0],[0.0,1.0,0.0,0.0],[0.0,0.0,1.0,0.0],[0.0,0.0,0.0,1.0]],"dtype":"torch.float32"}}],[[6,7],{"rotation_and_translation":{"data":[[1.0,0.0,0.0,0.0],[0.0,1.0,0.0,0.0],[0.0,0.0,1.0,0.0],[0.0,0.0,0.0,1.0]],"dtype":"torch.float32"}}],[[7,6],{"rotation_and_translation":{"data":[[1.0,0.0,0.0,0.0],[0.0,1.0,0.0,0.0],[0.0,0.0,1.0,0.0],[0.0,0.0,0.0,1.0]],"dtype":"torch.float32"}}]]}}'
# ---
# name: test_serialize_empty_buffer_json
  '{"_Buffer__frames_of_reference":[],"_Buffer__frame_names_to_node_indices":{},"_Buffer__connections":{"check_cycle":false,"multigraph":false,"nodes":[],"edges":[]}}'
# ---
